#
#model:
#
#<?xml version="1.0" encoding="UTF-8" standalone="no"?><input id="posterior" spec="beast.base.inference.CompoundDistribution">
#    <distribution id="prior" spec="beast.base.inference.CompoundDistribution">
#        <distribution id="CoalescentConstant.t:H_clade_3" spec="beast.base.evolution.tree.coalescent.Coalescent">
#            <populationModel id="ConstantPopulation.t:H_clade_3" spec="beast.base.evolution.tree.coalescent.ConstantPopulation">
#                <parameter id="popSize.t:H_clade_3" lower="0.0" name="popSize" spec="beast.base.inference.parameter.RealParameter">0.3</parameter>
#            </populationModel>
#            <treeIntervals id="TreeIntervals.t:H_clade_3" spec="beast.base.evolution.tree.TreeIntervals">
#                <tree id="Tree.t:H_clade_3" spec="beast.base.evolution.tree.Tree">
#                    <trait id="dateTrait.t:H_clade_3" spec="beast.base.evolution.tree.TraitSet" traitname="date" value="KU666057|procyonid|2012.896=2012.896,PX789676|procyonid|2019.312=2019.312,MT932511|wild_felid|1992.787=1992.787,MT932504|wild_felid|1992.667=1992.667,MT932505|procyonid|1992.000=1992.000,MT932510|procyonid|2013.268=2013.268,MT932509|procyonid|2013.230=2013.230,MT932507|wild_canid|2013.238=2013.238,MT932506|procyonid|2013.164=2013.164,MT932508|procyonid|2013.195=2013.195,EU716337|domestic_dog|2004.675=2004.675,PX789675|wild_canid|2019.304=2019.304,MW984532|wild_felid|2015.964=2015.964,MW984531|wild_felid|2015.989=2015.989,MW984530|wild_felid|2015.912=2015.912,MW984527|wild_felid|2015.951=2015.951,MW984533|procyonid|2016.322=2016.322,MW984534|mustelid|2016.336=2016.336,MW984536|mustelid|2016.301=2016.301,MH644852|mustelid|2017.660=2017.660,MH644855|mustelid|2016.973=2016.973,MH644853|mustelid|2016.973=2016.973,MH644854|mustelid|2017.301=2017.301,MH644851|procyonid|2017.167=2017.167,MH644849|wild_canid|2016.210=2016.210,PX789692|procyonid|2023.030=2023.030,PX789695|procyonid|2022.819=2022.819,PX789698|procyonid|2022.805=2022.805,PX789703|procyonid|2023.392=2023.392,MH644850|mustelid|2016.361=2016.361,PX789700|procyonid|2022.926=2022.926,MT943490|wild_felid|2013.748=2013.748,MH810099|domestic_dog|2017.970=2017.970,MW984535|procyonid|2015.951=2015.951,PX789678|domestic_dog|2021.041=2021.041,PX789674|domestic_dog|2023.622=2023.622,MK487379|procyonid|2016.500=2016.500,MK473365|wild_canid|2017.500=2017.500,MK473366|wild_canid|2017.500=2017.500,KJ123771|domestic_dog|2004.500=2004.500,KF430374|mustelid|2004.500=2004.500,KF430373|mustelid|2007.500=2007.500,KF430371|mustelid|2007.500=2007.500,KF430372|mustelid|2007.500=2007.500,MN824467|procyonid|2018.500=2018.500,MG797669|domestic_dog|2017.500=2017.500,JF283477|domestic_dog|2010.500=2010.500,OK667001|procyonid|2014.500=2014.500,OK666993|procyonid|2014.500=2014.500,OK666919|wild_canid|2013.500=2013.500,OK666870|wild_canid|2016.500=2016.500,OK666917|domestic_dog|2012.500=2012.500,OK667043|procyonid|2017.500=2017.500,OK666936|wild_canid|2017.500=2017.500,OK667038|procyonid|2017.500=2017.500,OK667026|procyonid|2016.500=2016.500,OK666884|mustelid|2016.500=2016.500,OK666997|procyonid|2014.500=2014.500,OK666983|procyonid|2014.500=2014.500,OK666886|mustelid|2016.500=2016.500,OK666974|procyonid|2014.500=2014.500,OK667009|procyonid|2015.500=2015.500,OK666928|wild_canid|2016.500=2016.500,OK666932|wild_canid|2017.500=2017.500,OK666909|wild_canid|2017.500=2017.500,OK666908|wild_canid|2017.500=2017.500,OK666912|wild_canid|2017.500=2017.500,OK667023|procyonid|2015.500=2015.500,OK666924|wild_canid|2015.500=2015.500,OK666994|procyonid|2014.500=2014.500,OK666926|wild_canid|2015.500=2015.500,OK666920|wild_canid|2015.500=2015.500,OK667030|procyonid|2016.500=2016.500,OK666872|mustelid|2015.500=2015.500,OK667039|procyonid|2017.500=2017.500,OK666905|wild_canid|2017.500=2017.500,OK666934|wild_canid|2017.500=2017.500,OK666906|wild_canid|2017.500=2017.500,OK666914|wild_canid|2017.500=2017.500,OK667025|procyonid|2016.500=2016.500,OK666904|wild_canid|2016.500=2016.500,OK666890|mustelid|2016.500=2016.500,OK666910|wild_canid|2017.500=2017.500,OK666880|mustelid|2016.500=2016.500,OK666885|mustelid|2016.500=2016.500,OK667020|procyonid|2015.500=2015.500,OK667021|procyonid|2015.500=2015.500,OK666971|procyonid|2014.500=2014.500,OK666970|procyonid|2014.500=2014.500,OK666963|procyonid|2014.500=2014.500,OK666959|procyonid|2014.500=2014.500,OK666955|procyonid|2013.500=2013.500,OK666952|procyonid|2013.500=2013.500,OK666958|procyonid|2014.500=2014.500,OK666973|procyonid|2014.500=2014.500,OK666986|procyonid|2014.500=2014.500,OK666985|procyonid|2014.500=2014.500,OK667005|procyonid|2015.500=2015.500,OK667004|procyonid|2015.500=2015.500,OK667003|procyonid|2014.500=2014.500,OK667007|procyonid|2015.500=2015.500,OK666999|procyonid|2014.500=2014.500,OK666978|procyonid|2014.500=2014.500,OK666925|wild_canid|2015.500=2015.500,OK666998|procyonid|2014.500=2014.500,OK666977|procyonid|2014.500=2014.500,OK666950|procyonid|2013.500=2013.500,OK666948|procyonid|2013.500=2013.500,OK666946|procyonid|2013.500=2013.500,OK666954|procyonid|2013.500=2013.500,OK666980|procyonid|2014.500=2014.500,OK666976|procyonid|2014.500=2014.500,OK666975|procyonid|2014.500=2014.500,OK666949|procyonid|2013.500=2013.500,OK666940|procyonid|2010.500=2010.500,OK666979|procyonid|2014.500=2014.500,OK666933|wild_canid|2017.500=2017.500,OK666911|wild_canid|2017.500=2017.500,OK666921|wild_canid|2015.500=2015.500,OK666960|procyonid|2014.500=2014.500,OK666951|procyonid|2013.500=2013.500,OK666945|procyonid|2013.500=2013.500,OK666984|procyonid|2014.500=2014.500,OK666939|mustelid|2014.500=2014.500,OK667000|procyonid|2014.500=2014.500,OK667036|procyonid|2016.500=2016.500,OK667031|procyonid|2016.500=2016.500,OK667035|procyonid|2016.500=2016.500,OK667002|procyonid|2014.500=2014.500,OK666992|procyonid|2014.500=2014.500,OK667010|procyonid|2015.500=2015.500,OK667042|procyonid|2017.500=2017.500,OK667034|procyonid|2016.500=2016.500,OK667033|procyonid|2016.500=2016.500,OK667019|procyonid|2015.500=2015.500,OK667041|procyonid|2017.500=2017.500,OK667044|procyonid|2017.500=2017.500,OK667032|procyonid|2016.500=2016.500,OK667024|procyonid|2016.500=2016.500,OK667018|procyonid|2015.500=2015.500,OK667006|procyonid|2015.500=2015.500,OK667013|procyonid|2015.500=2015.500,OK667028|procyonid|2016.500=2016.500,OK667012|procyonid|2015.500=2015.500,OK666931|wild_canid|2017.500=2017.500,OK667029|procyonid|2016.500=2016.500,OK667016|procyonid|2015.500=2015.500,OK666877|mustelid|2016.500=2016.500,OK666878|mustelid|2016.500=2016.500,OK666876|mustelid|2016.500=2016.500,OK667040|procyonid|2017.500=2017.500,OK667015|procyonid|2015.500=2015.500,OK666935|wild_canid|2017.500=2017.500,OK667037|procyonid|2016.500=2016.500,OK666927|wild_canid|2015.500=2015.500,OK666889|mustelid|2016.500=2016.500,OK667022|procyonid|2015.500=2015.500,OK666879|mustelid|2016.500=2016.500,OK666937|wild_canid|2017.500=2017.500,OK666907|wild_canid|2017.500=2017.500,MK487378|ailurid|2016.500=2016.500,OK666930|wild_canid|2017.500=2017.500">
#                        <taxa id="TaxonSet.H_clade_3" spec="beast.base.evolution.alignment.TaxonSet">
#                        </taxa>
#                    </trait>
#                    <taxonset idref="TaxonSet.H_clade_3"/>
#                </tree>
#            </treeIntervals>
#        </distribution>
#        <prior id="GammaShapePrior.s:H_clade_3" name="distribution">
#            <parameter id="gammaShape.s:H_clade_3" lower="0.1" name="x" spec="beast.base.inference.parameter.RealParameter">1.0</parameter>
#            <Exponential id="Exponential.0" name="distr">
#                <parameter estimate="false" id="RealParameter.0" name="mean" spec="beast.base.inference.parameter.RealParameter">1.0</parameter>
#            </Exponential>
#        </prior>
#        <prior id="KappaPrior.s:H_clade_3" name="distribution">
#            <parameter id="kappa.s:H_clade_3" lower="0.0" name="x" spec="beast.base.inference.parameter.RealParameter">2.0</parameter>
#            <LogNormal id="LogNormalDistributionModel.0" name="distr">
#                <parameter estimate="false" id="RealParameter.10" name="M" spec="beast.base.inference.parameter.RealParameter">1.0</parameter>
#                <parameter estimate="false" id="RealParameter.11" name="S" spec="beast.base.inference.parameter.RealParameter">1.25</parameter>
#            </LogNormal>
#        </prior>
#        <prior id="nonZeroRatePrior.s:Host" name="distribution">
#            <x id="nonZeroRates.s:Host" spec="beast.base.evolution.Sum">
#                <arg dimension="30" id="rateIndicator.s:Host" spec="beast.base.inference.parameter.BooleanParameter">true</arg>
#            </x>
#            <distr id="Poisson.0" offset="5.0" spec="beast.base.inference.distribution.Poisson">
#                <parameter estimate="false" id="RealParameter.7" name="lambda" spec="beast.base.inference.parameter.RealParameter">0.693</parameter>
#            </distr>
#        </prior>
#        <prior id="PopSizePrior.t:H_clade_3" name="distribution" x="@popSize.t:H_clade_3">
#            <OneOnX id="OneOnX.1" name="distr"/>
#        </prior>
#        <prior id="relativeGeoRatesPrior.s:Host" name="distribution">
#            <parameter dimension="30" id="relativeGeoRates.s:Host" name="x" spec="beast.base.inference.parameter.RealParameter">1.0</parameter>
#            <Gamma id="Gamma.2" name="distr">
#                <parameter estimate="false" id="RealParameter.5" name="alpha" spec="beast.base.inference.parameter.RealParameter">1.0</parameter>
#                <parameter estimate="false" id="RealParameter.6" name="beta" spec="beast.base.inference.parameter.RealParameter">1.0</parameter>
#            </Gamma>
#        </prior>
#        <prior id="geoclockPrior.c:Host" name="distribution">
#            <parameter id="traitClockRate.c:Host" name="x" spec="beast.base.inference.parameter.RealParameter">1.0</parameter>
#            <Gamma id="Gamma.1" name="distr">
#                <parameter estimate="false" id="RealParameter.3" name="alpha" spec="beast.base.inference.parameter.RealParameter">0.001</parameter>
#                <parameter estimate="false" id="RealParameter.4" name="beta" spec="beast.base.inference.parameter.RealParameter">1000.0</parameter>
#            </Gamma>
#        </prior>
#        <prior id="MeanRatePrior.c:H_clade_3" name="distribution">
#            <parameter id="ucldMean.c:H_clade_3" lower="0.0" name="x" spec="beast.base.inference.parameter.RealParameter">7.46E-4</parameter>
#            <LogNormal id="LogNormalDistributionModel.1" name="distr">
#                <parameter estimate="false" id="RealParameter.18" name="M" spec="beast.base.inference.parameter.RealParameter">1.0</parameter>
#                <parameter estimate="false" id="RealParameter.19" lower="0.0" name="S" spec="beast.base.inference.parameter.RealParameter" upper="5.0">1.25</parameter>
#            </LogNormal>
#        </prior>
#        <prior id="ucldStdevPrior.c:H_clade_3" name="distribution">
#            <parameter id="ucldStdev.c:H_clade_3" lower="0.0" name="x" spec="beast.base.inference.parameter.RealParameter">0.1</parameter>
#            <Gamma id="Gamma.4" name="distr">
#                <parameter estimate="false" id="RealParameter.14" name="alpha" spec="beast.base.inference.parameter.RealParameter">0.5396</parameter>
#                <parameter estimate="false" id="RealParameter.15" name="beta" spec="beast.base.inference.parameter.RealParameter">0.3819</parameter>
#            </Gamma>
#        </prior>
#    </distribution>
#    <distribution id="likelihood" spec="beast.base.inference.CompoundDistribution" useThreads="true">
#        <distribution data="@H_clade_3" id="treeLikelihood.H_clade_3" spec="beast.base.evolution.likelihood.ThreadedTreeLikelihood" tree="@Tree.t:H_clade_3">
#            <siteModel gammaCategoryCount="4" id="SiteModel.s:H_clade_3" shape="@gammaShape.s:H_clade_3" spec="beast.base.evolution.sitemodel.SiteModel">
#                <parameter estimate="false" id="mutationRate.s:H_clade_3" lower="0.0" name="mutationRate" spec="beast.base.inference.parameter.RealParameter">1.0</parameter>
#                <parameter estimate="false" id="proportionInvariant.s:H_clade_3" lower="0.0" name="proportionInvariant" spec="beast.base.inference.parameter.RealParameter" upper="1.0">0.0</parameter>
#                <substModel id="hky.s:H_clade_3" kappa="@kappa.s:H_clade_3" spec="beast.base.evolution.substitutionmodel.HKY">
#                    <frequencies data="@H_clade_3" id="empiricalFreqs.s:H_clade_3" spec="beast.base.evolution.substitutionmodel.Frequencies"/>
#                </substModel>
#            </siteModel>
#            <branchRateModel clock.rate="@ucldMean.c:H_clade_3" id="RelaxedClock.c:H_clade_3" spec="beast.base.evolution.branchratemodel.UCRelaxedClockModel" tree="@Tree.t:H_clade_3">
#                <LogNormal S="@ucldStdev.c:H_clade_3" id="LogNormalDistributionModel.c:H_clade_3" meanInRealSpace="true" name="distr">
#                    <parameter estimate="false" id="RealParameter.13" lower="0.0" name="M" spec="beast.base.inference.parameter.RealParameter" upper="1.0">1.0</parameter>
#                </LogNormal>
#                <rateCategories dimension="322" id="rateCategories.c:H_clade_3" spec="beast.base.inference.parameter.IntegerParameter">1</rateCategories>
#            </branchRateModel>
#        </distribution>
#        <distribution id="traitedtreeLikelihood.Host" spec="beastclassic.evolution.likelihood.AncestralStateTreeLikelihood" tag="location" tree="@Tree.t:H_clade_3">
#            <data id="Host" spec="beastclassic.evolution.alignment.AlignmentFromTrait">
#                <traitSet id="traitSet.Host" spec="beast.base.evolution.tree.TraitSet" taxa="@TaxonSet.H_clade_3" traitname="discrete">KU666057|procyonid|2012.896=procyonid,
#PX789676|procyonid|2019.312=procyonid,
#MT932511|wild_felid|1992.787=wild_felid,
#MT932504|wild_felid|1992.667=wild_felid,
#MT932505|procyonid|1992.000=procyonid,
#MT932510|procyonid|2013.268=procyonid,
#MT932509|procyonid|2013.230=procyonid,
#MT932507|wild_canid|2013.238=wild_canid,
#MT932506|procyonid|2013.164=procyonid,
#MT932508|procyonid|2013.195=procyonid,
#EU716337|domestic_dog|2004.675=domestic_dog,
#PX789675|wild_canid|2019.304=wild_canid,
#MW984532|wild_felid|2015.964=wild_felid,
#MW984531|wild_felid|2015.989=wild_felid,
#MW984530|wild_felid|2015.912=wild_felid,
#MW984527|wild_felid|2015.951=wild_felid,
#MW984533|procyonid|2016.322=procyonid,
#MW984534|mustelid|2016.336=mustelid,
#MW984536|mustelid|2016.301=mustelid,
#MH644852|mustelid|2017.660=mustelid,
#MH644855|mustelid|2016.973=mustelid,
#MH644853|mustelid|2016.973=mustelid,
#MH644854|mustelid|2017.301=mustelid,
#MH644851|procyonid|2017.167=procyonid,
#MH644849|wild_canid|2016.210=wild_canid,
#PX789692|procyonid|2023.030=procyonid,
#PX789695|procyonid|2022.819=procyonid,
#PX789698|procyonid|2022.805=procyonid,
#PX789703|procyonid|2023.392=procyonid,
#MH644850|mustelid|2016.361=mustelid,
#PX789700|procyonid|2022.926=procyonid,
#MT943490|wild_felid|2013.748=wild_felid,
#MH810099|domestic_dog|2017.970=domestic_dog,
#MW984535|procyonid|2015.951=procyonid,
#PX789678|domestic_dog|2021.041=domestic_dog,
#PX789674|domestic_dog|2023.622=domestic_dog,
#MK487379|procyonid|2016.500=procyonid,
#MK473365|wild_canid|2017.500=wild_canid,
#MK473366|wild_canid|2017.500=wild_canid,
#KJ123771|domestic_dog|2004.500=domestic_dog,
#KF430374|mustelid|2004.500=mustelid,
#KF430373|mustelid|2007.500=mustelid,
#KF430371|mustelid|2007.500=mustelid,
#KF430372|mustelid|2007.500=mustelid,
#MN824467|procyonid|2018.500=procyonid,
#MG797669|domestic_dog|2017.500=domestic_dog,
#JF283477|domestic_dog|2010.500=domestic_dog,
#OK667001|procyonid|2014.500=procyonid,
#OK666993|procyonid|2014.500=procyonid,
#OK666919|wild_canid|2013.500=wild_canid,
#OK666870|wild_canid|2016.500=wild_canid,
#OK666917|domestic_dog|2012.500=domestic_dog,
#OK667043|procyonid|2017.500=procyonid,
#OK666936|wild_canid|2017.500=wild_canid,
#OK667038|procyonid|2017.500=procyonid,
#OK667026|procyonid|2016.500=procyonid,
#OK666884|mustelid|2016.500=mustelid,
#OK666997|procyonid|2014.500=procyonid,
#OK666983|procyonid|2014.500=procyonid,
#OK666886|mustelid|2016.500=mustelid,
#OK666974|procyonid|2014.500=procyonid,
#OK667009|procyonid|2015.500=procyonid,
#OK666928|wild_canid|2016.500=wild_canid,
#OK666932|wild_canid|2017.500=wild_canid,
#OK666909|wild_canid|2017.500=wild_canid,
#OK666908|wild_canid|2017.500=wild_canid,
#OK666912|wild_canid|2017.500=wild_canid,
#OK667023|procyonid|2015.500=procyonid,
#OK666924|wild_canid|2015.500=wild_canid,
#OK666994|procyonid|2014.500=procyonid,
#OK666926|wild_canid|2015.500=wild_canid,
#OK666920|wild_canid|2015.500=wild_canid,
#OK667030|procyonid|2016.500=procyonid,
#OK666872|mustelid|2015.500=mustelid,
#OK667039|procyonid|2017.500=procyonid,
#OK666905|wild_canid|2017.500=wild_canid,
#OK666934|wild_canid|2017.500=wild_canid,
#OK666906|wild_canid|2017.500=wild_canid,
#OK666914|wild_canid|2017.500=wild_canid,
#OK667025|procyonid|2016.500=procyonid,
#OK666904|wild_canid|2016.500=wild_canid,
#OK666890|mustelid|2016.500=mustelid,
#OK666910|wild_canid|2017.500=wild_canid,
#OK666880|mustelid|2016.500=mustelid,
#OK666885|mustelid|2016.500=mustelid,
#OK667020|procyonid|2015.500=procyonid,
#OK667021|procyonid|2015.500=procyonid,
#OK666971|procyonid|2014.500=procyonid,
#OK666970|procyonid|2014.500=procyonid,
#OK666963|procyonid|2014.500=procyonid,
#OK666959|procyonid|2014.500=procyonid,
#OK666955|procyonid|2013.500=procyonid,
#OK666952|procyonid|2013.500=procyonid,
#OK666958|procyonid|2014.500=procyonid,
#OK666973|procyonid|2014.500=procyonid,
#OK666986|procyonid|2014.500=procyonid,
#OK666985|procyonid|2014.500=procyonid,
#OK667005|procyonid|2015.500=procyonid,
#OK667004|procyonid|2015.500=procyonid,
#OK667003|procyonid|2014.500=procyonid,
#OK667007|procyonid|2015.500=procyonid,
#OK666999|procyonid|2014.500=procyonid,
#OK666978|procyonid|2014.500=procyonid,
#OK666925|wild_canid|2015.500=wild_canid,
#OK666998|procyonid|2014.500=procyonid,
#OK666977|procyonid|2014.500=procyonid,
#OK666950|procyonid|2013.500=procyonid,
#OK666948|procyonid|2013.500=procyonid,
#OK666946|procyonid|2013.500=procyonid,
#OK666954|procyonid|2013.500=procyonid,
#OK666980|procyonid|2014.500=procyonid,
#OK666976|procyonid|2014.500=procyonid,
#OK666975|procyonid|2014.500=procyonid,
#OK666949|procyonid|2013.500=procyonid,
#OK666940|procyonid|2010.500=procyonid,
#OK666979|procyonid|2014.500=procyonid,
#OK666933|wild_canid|2017.500=wild_canid,
#OK666911|wild_canid|2017.500=wild_canid,
#OK666921|wild_canid|2015.500=wild_canid,
#OK666960|procyonid|2014.500=procyonid,
#OK666951|procyonid|2013.500=procyonid,
#OK666945|procyonid|2013.500=procyonid,
#OK666984|procyonid|2014.500=procyonid,
#OK666939|mustelid|2014.500=mustelid,
#OK667000|procyonid|2014.500=procyonid,
#OK667036|procyonid|2016.500=procyonid,
#OK667031|procyonid|2016.500=procyonid,
#OK667035|procyonid|2016.500=procyonid,
#OK667002|procyonid|2014.500=procyonid,
#OK666992|procyonid|2014.500=procyonid,
#OK667010|procyonid|2015.500=procyonid,
#OK667042|procyonid|2017.500=procyonid,
#OK667034|procyonid|2016.500=procyonid,
#OK667033|procyonid|2016.500=procyonid,
#OK667019|procyonid|2015.500=procyonid,
#OK667041|procyonid|2017.500=procyonid,
#OK667044|procyonid|2017.500=procyonid,
#OK667032|procyonid|2016.500=procyonid,
#OK667024|procyonid|2016.500=procyonid,
#OK667018|procyonid|2015.500=procyonid,
#OK667006|procyonid|2015.500=procyonid,
#OK667013|procyonid|2015.500=procyonid,
#OK667028|procyonid|2016.500=procyonid,
#OK667012|procyonid|2015.500=procyonid,
#OK666931|wild_canid|2017.500=wild_canid,
#OK667029|procyonid|2016.500=procyonid,
#OK667016|procyonid|2015.500=procyonid,
#OK666877|mustelid|2016.500=mustelid,
#OK666878|mustelid|2016.500=mustelid,
#OK666876|mustelid|2016.500=mustelid,
#OK667040|procyonid|2017.500=procyonid,
#OK667015|procyonid|2015.500=procyonid,
#OK666935|wild_canid|2017.500=wild_canid,
#OK667037|procyonid|2016.500=procyonid,
#OK666927|wild_canid|2015.500=wild_canid,
#OK666889|mustelid|2016.500=mustelid,
#OK667022|procyonid|2015.500=procyonid,
#OK666879|mustelid|2016.500=mustelid,
#OK666937|wild_canid|2017.500=wild_canid,
#OK666907|wild_canid|2017.500=wild_canid,
#MK487378|ailurid|2016.500=ailurid,
#OK666930|wild_canid|2017.500=wild_canid</traitSet>
#                <userDataType codeMap="ailurid=0,domestic_dog=1,mustelid=2,procyonid=3,wild_canid=4,wild_felid=5,? = 0 1 2 3 4 5 " codelength="-1" id="traitDataType.Host" spec="beast.base.evolution.datatype.UserDataType" states="6"/>
#            </data>
#            <siteModel gammaCategoryCount="1" id="geoSiteModel.s:Host" spec="beast.base.evolution.sitemodel.SiteModel">
#                <parameter estimate="false" id="mutationRate.s:Host" name="mutationRate" spec="beast.base.inference.parameter.RealParameter">1.0</parameter>
#                <parameter estimate="false" id="gammaShape.s:Host" name="shape" spec="beast.base.inference.parameter.RealParameter">1.0</parameter>
#                <parameter estimate="false" id="proportionInvariant.s:Host" lower="0.0" name="proportionInvariant" spec="beast.base.inference.parameter.RealParameter" upper="1.0">0.0</parameter>
#                <substModel id="svs.s:Host" rateIndicator="@rateIndicator.s:Host" rates="@relativeGeoRates.s:Host" spec="beastclassic.evolution.substitutionmodel.SVSGeneralSubstitutionModel" symmetric="false">
#                    <frequencies id="traitfreqs.s:Host" spec="beast.base.evolution.substitutionmodel.Frequencies">
#                        <parameter dimension="6" id="traitfrequencies.s:Host" name="frequencies" spec="beast.base.inference.parameter.RealParameter">0.16666666666666666</parameter>
#                    </frequencies>
#                </substModel>
#            </siteModel>
#            <branchRateModel clock.rate="@traitClockRate.c:Host" id="StrictClockModel.c:Host" spec="beast.base.evolution.branchratemodel.StrictClockModel"/>
#        </distribution>
#    </distribution>
#</input>
#
Sample	posterior	likelihood	prior	treeLikelihood	Tree.height	Tree.treeLength	rateIndicator.ost.1	rateIndicator.ost.2	rateIndicator.ost.3	rateIndicator.ost.4	rateIndicator.ost.5	rateIndicator.ost.6	rateIndicator.ost.7	rateIndicator.ost.8	rateIndicator.ost.9	rateIndicator.ost.10	rateIndicator.ost.11	rateIndicator.ost.12	rateIndicator.ost.13	rateIndicator.ost.14	rateIndicator.ost.15	rateIndicator.ost.16	rateIndicator.ost.17	rateIndicator.ost.18	rateIndicator.ost.19	rateIndicator.ost.20	rateIndicator.ost.21	rateIndicator.ost.22	rateIndicator.ost.23	rateIndicator.ost.24	rateIndicator.ost.25	rateIndicator.ost.26	rateIndicator.ost.27	rateIndicator.ost.28	rateIndicator.ost.29	rateIndicator.ost.30	relativeGeoRates.ost.1	relativeGeoRates.ost.2	relativeGeoRates.ost.3	relativeGeoRates.ost.4	relativeGeoRates.ost.5	relativeGeoRates.ost.6	relativeGeoRates.ost.7	relativeGeoRates.ost.8	relativeGeoRates.ost.9	relativeGeoRates.ost.10	relativeGeoRates.ost.11	relativeGeoRates.ost.12	relativeGeoRates.ost.13	relativeGeoRates.ost.14	relativeGeoRates.ost.15	relativeGeoRates.ost.16	relativeGeoRates.ost.17	relativeGeoRates.ost.18	relativeGeoRates.ost.19	relativeGeoRates.ost.20	relativeGeoRates.ost.21	relativeGeoRates.ost.22	relativeGeoRates.ost.23	relativeGeoRates.ost.24	relativeGeoRates.ost.25	relativeGeoRates.ost.26	relativeGeoRates.ost.27	relativeGeoRates.ost.28	relativeGeoRates.ost.29	relativeGeoRates.ost.30	traitClockRate.ost	geoSubstModelLogger.ost.relGeoRate_ailurid_domestic_dog	geoSubstModelLogger.ost.relGeoRate_ailurid_mustelid	geoSubstModelLogger.ost.relGeoRate_ailurid_procyonid	geoSubstModelLogger.ost.relGeoRate_ailurid_wild_canid	geoSubstModelLogger.ost.relGeoRate_ailurid_wild_felid	geoSubstModelLogger.ost.relGeoRate_domestic_dog_ailurid	geoSubstModelLogger.ost.relGeoRate_domestic_dog_mustelid	geoSubstModelLogger.ost.relGeoRate_domestic_dog_procyonid	geoSubstModelLogger.ost.relGeoRate_domestic_dog_wild_canid	geoSubstModelLogger.ost.relGeoRate_domestic_dog_wild_felid	geoSubstModelLogger.ost.relGeoRate_mustelid_ailurid	geoSubstModelLogger.ost.relGeoRate_mustelid_domestic_dog	geoSubstModelLogger.ost.relGeoRate_mustelid_procyonid	geoSubstModelLogger.ost.relGeoRate_mustelid_wild_canid	geoSubstModelLogger.ost.relGeoRate_mustelid_wild_felid	geoSubstModelLogger.ost.relGeoRate_procyonid_ailurid	geoSubstModelLogger.ost.relGeoRate_procyonid_domestic_dog	geoSubstModelLogger.ost.relGeoRate_procyonid_mustelid	geoSubstModelLogger.ost.relGeoRate_procyonid_wild_canid	geoSubstModelLogger.ost.relGeoRate_procyonid_wild_felid	geoSubstModelLogger.ost.relGeoRate_wild_canid_ailurid	geoSubstModelLogger.ost.relGeoRate_wild_canid_domestic_dog	geoSubstModelLogger.ost.relGeoRate_wild_canid_mustelid	geoSubstModelLogger.ost.relGeoRate_wild_canid_procyonid	geoSubstModelLogger.ost.relGeoRate_wild_canid_wild_felid	geoSubstModelLogger.ost.relGeoRate_wild_felid_ailurid	geoSubstModelLogger.ost.relGeoRate_wild_felid_domestic_dog	geoSubstModelLogger.ost.relGeoRate_wild_felid_mustelid	geoSubstModelLogger.ost.relGeoRate_wild_felid_procyonid	geoSubstModelLogger.ost.relGeoRate_wild_felid_wild_canid	kappa._clade_3	gammaShape._clade_3	ucldMean._clade_3	ucldStdev._clade_3	rate._clade_3.mean	rate._clade_3.variance	rate._clade_3.coefficientOfVariation	popSize	CoalescentConstant
0	-39016.56109250615	-38527.715017433075	-488.8460750730729	-38296.62286614429	32.7621356184346	75.10779404696213	1	1	1	1	1	1	1	1	1	1	1	1	1	1	1	1	1	1	1	1	1	1	1	1	1	1	1	1	1	1	1.0	1.0	1.0	1.0	1.0	1.0	1.0	1.0	1.0	1.0	1.0	1.0	1.0	1.0	1.0	1.0	1.0	1.0	1.0	1.0	1.0	1.0	1.0	1.0	1.0	1.0	1.0	1.0	1.0	1.0	1.0	1.0	1.0	1.0	1.0	1.0	1.0	1.0	1.0	1.0	1.0	1.0	1.0	1.0	1.0	1.0	1.0	1.0	1.0	1.0	1.0	1.0	1.0	1.0	1.0	1.0	1.0	1.0	1.0	1.0	1.0	2.0	1.0	7.46E-4	0.1	7.333944070395844E-4	5.058438505152923E-9	0.09521180502651526	0.3	-367.7620113478398
10000	-16599.20588259254	-15761.656639631232	-837.5492429613086	-15587.004233998929	33.153532485104435	362.07339162767704	0	1	1	0	0	1	0	0	0	0	0	1	0	0	0	0	0	0	1	0	0	0	1	1	1	0	1	0	1	0	0.6017034417150087	0.7678025826489322	1.5000989082057312	1.0243052925911502	1.1903561063512609	1.1736582229648957	1.169468721229955	1.3282556656524227	0.8504217055660483	0.9821320932289395	0.826386805216818	1.4781111928844652	0.9690953824087271	0.6411289839509698	0.9950373168010297	0.92862628370352	1.451053753397279	1.0968365353021885	1.180169853971708	0.9446547001317267	1.0506154589038543	0.7993013670310858	1.3505961219677627	1.0647446474481281	0.6856520145391114	1.109824220749602	0.921599543393385	0.8060109456535167	0.8206596292811124	0.704076449838039	0.3120245284810137	0.0	0.7678025826489322	1.5000989082057312	0.0	0.0	1.1736582229648957	0.0	0.0	0.0	0.0	0.0	1.4781111928844652	0.0	0.0	0.0	0.0	0.0	0.0	1.180169853971708	0.0	0.0	0.0	1.3505961219677627	1.0647446474481281	0.6856520145391114	0.0	0.921599543393385	0.0	0.8206596292811124	0.0	2.968374374726041	0.3567755186021847	0.012200858320648024	1.03969108708396	0.011269909350119765	3.607604469552145E-5	0.5242802988659848	43.28638141647747	-778.9067850129035
20000	-14512.358188857525	-13698.744739987396	-813.6134488701281	-13523.727260161266	36.87133668370645	368.7649881449423	1	0	1	1	0	0	0	1	0	0	0	1	1	0	0	0	0	0	1	0	0	0	1	1	1	1	0	0	0	0	0.5900266153245639	0.8876746731487919	1.6258171788163789	1.174663441804593	0.9694152234320068	1.1762976310163231	1.367969288021103	0.9594788097010472	0.8089555999982967	1.2955274827067558	0.6291493923327672	1.41326532082012	1.2830005111793328	0.5607136368993118	1.0094960037511915	0.8790859482885608	1.2308561643523308	0.8991729732657806	1.4448429597960504	0.9802362820123126	1.2155005591035244	0.6799109376951219	1.814655103827701	0.6560678134913485	0.6468746169400066	0.9839831093168632	0.8709936763536805	1.3036358288633807	0.8662945770279503	0.9141181265495505	0.2280238645559331	0.5900266153245639	0.0	1.6258171788163789	1.174663441804593	0.0	0.0	0.0	0.9594788097010472	0.0	0.0	0.0	1.41326532082012	1.2830005111793328	0.0	0.0	0.0	0.0	0.0	1.4448429597960504	0.0	0.0	0.0	1.814655103827701	0.6560678134913485	0.6468746169400066	0.9839831093168632	0.0	0.0	0.0	0.0	4.73656977454869	0.17535980480655106	0.011091346573176258	1.2235302678995383	0.009353070138796899	4.791202032354687E-5	0.69947521650542	40.83773909703073	-751.282971520368
30000	-13215.754179039819	-12416.419112747864	-799.3350662919552	-12247.164927332193	34.52033643648919	366.42638205480165	0	0	0	0	1	1	0	1	0	0	1	0	0	0	0	0	0	0	1	0	0	0	1	1	1	0	1	0	0	0	1.383319932053064	0.34818387628332675	0.6403452405734009	1.9252913778142977	1.7140437764524195	0.055111212601922366	0.10922610524029369	0.5032012355446263	0.06645217485519794	1.6270329267613606	0.24125264502227192	0.7246713396812345	1.1245247458496044	0.08835037605844812	1.2482417882881678	1.945936894041107	0.3451472230105893	0.19175013205944205	0.5745567656319124	0.4148959772628556	0.4651125704734084	2.4683582949376324	0.859239756463122	1.0219162872725063	0.07283413538737037	0.756188137315974	0.31835981347092596	1.5602291296377637	1.2438164970194825	0.3355557586274811	0.41264382424209617	0.0	0.0	0.0	0.0	1.7140437764524195	0.055111212601922366	0.0	0.5032012355446263	0.0	0.0	0.24125264502227192	0.0	0.0	0.0	0.0	0.0	0.0	0.0	0.5745567656319124	0.0	0.0	0.0	0.859239756463122	1.0219162872725063	0.07283413538737037	0.0	0.31835981347092596	0.0	0.0	0.0	5.198763910061829	0.17535980480655106	0.007403200202628158	1.0736217191957405	0.005073330984748983	5.537601707730301E-5	1.3182389505873051	35.48430675741701	-746.7038739579801
40000	-12610.892679758657	-11782.600146580233	-828.2925331784237	-11614.376849418428	40.173814405408834	445.4173734466548	0	0	0	1	0	0	0	1	0	0	0	0	0	0	1	0	0	0	1	0	0	0	1	0	0	1	1	0	0	0	0.7261193273942907	0.04614665287530104	0.4211537147275081	0.933882892784333	1.0845823235632086	2.0927726231343886	0.4478387317435597	0.4075535570752834	2.3740896630683035	1.7231170574348573	0.05994917708207638	1.4432306623856634	0.1591806455619828	1.7852636273641396	0.46520879550887634	2.787148674430105	0.03997290493626801	0.10830352590212047	0.28880759284019275	0.2285194585013082	0.37780943970577674	0.6504903211923729	0.644834396641446	0.7897303460939746	1.10566719650339	0.08535394754487016	0.8164810496335709	0.3890368588213232	0.8823645497434958	0.5851765378472342	0.3166309038861372	0.0	0.0	0.0	0.933882892784333	0.0	0.0	0.0	0.4075535570752834	0.0	0.0	0.0	0.0	0.0	0.0	0.46520879550887634	0.0	0.0	0.0	0.28880759284019275	0.0	0.0	0.0	0.644834396641446	0.0	0.0	0.08535394754487016	0.8164810496335709	0.0	0.0	0.0	5.198763910061829	0.17535980480655106	0.005084086020338607	1.1762977126796854	0.0032834630828253355	4.1115456705187444E-5	1.7070205502853548	48.18191384099395	-777.8611284506937
50000	-12115.32371757778	-11292.90945126015	-822.4142663176306	-11129.868203130178	59.2980043987188	481.7241107926277	1	0	0	0	0	0	0	1	0	0	0	0	1	1	1	0	0	0	1	0	0	0	1	0	0	1	0	0	0	0	2.3125144408993776	0.11748714101300324	0.2030476907175382	0.3887408802700026	0.7299923625557101	0.6126389320907262	0.1365831920515871	0.850052411538444	0.41598567873187614	2.5063712912958653	1.781385242143297	2.3226563027007017	0.9858389560310039	0.26272773638939395	0.5922749673696549	0.1594526551003018	0.4098285828408528	0.3224613711347227	0.4980992624453389	0.5755042895953538	2.3216055515058374	0.6564790770948226	1.1979719550026928	1.243294414548667	0.2465921876531304	1.181843210804205	0.4049299308184658	0.0756072537651502	0.07692378754796425	0.20910591611998874	0.4199641635006622	2.3125144408993776	0.0	0.0	0.0	0.0	0.0	0.0	0.850052411538444	0.0	0.0	0.0	0.0	0.9858389560310039	0.26272773638939395	0.5922749673696549	0.0	0.0	0.0	0.4980992624453389	0.0	0.0	0.0	1.1979719550026928	0.0	0.0	1.181843210804205	0.0	0.0	0.0	0.0	5.198763910061829	0.22641894610838514	0.005463097368877245	1.2827380759428266	0.002876695448148412	2.9387996067735422E-5	1.4521991329800097	47.35437236552496	-770.2502342890485
60000	-11820.359072910069	-10994.824703906566	-825.5343690035022	-10837.839198489102	51.65017262534925	475.02206247539306	0	0	0	0	1	1	0	1	0	0	0	0	0	0	1	0	0	0	1	0	0	0	1	0	0	0	1	0	1	0	0.8647536702149011	0.2908861068620567	1.0171661604256046	0.34966876378688766	1.6496537381414704	0.2789327821973768	0.8562162143323172	0.5421458800090772	1.1496864336814356	0.9037720501933715	0.08730452607728979	1.400522517732864	0.5988152564758003	0.2046332931290588	0.21241859259201556	0.2621924281834771	2.6904440161085663	0.647806109613294	0.27378631803182685	2.106721892165708	1.4583266658735805	0.9395075755535276	0.7139877473637176	0.2830356754273477	0.3485915726895446	1.8331150348251992	0.9903991287885349	0.5005743275257228	0.6282722715453957	1.00861066344602	0.5455973721250631	0.0	0.0	0.0	0.0	1.6496537381414704	0.2789327821973768	0.0	0.5421458800090772	0.0	0.0	0.0	0.0	0.0	0.0	0.21241859259201556	0.0	0.0	0.0	0.27378631803182685	0.0	0.0	0.0	0.7139877473637176	0.0	0.0	0.0	0.9903991287885349	0.0	0.6282722715453957	0.0	5.801170983385403	0.22641894610838514	0.004877244958551832	1.3124520307750065	0.002711787152623176	2.2000901553927202E-5	1.558235258934848	43.926316566895984	-771.301121595563
70000	-11507.966024763396	-10683.932371714262	-824.0336530491345	-10526.170185606721	70.21191868197647	509.18521897064085	1	0	0	0	1	1	0	0	0	0	0	1	0	1	0	0	0	0	1	0	0	0	1	0	0	0	0	0	1	0	0.5647245759724454	3.028285615182501	2.622201916232588	0.3324243300368016	2.7923223744656966	0.5785939503259738	1.119013198302892	0.43924002088155745	0.47930822081696817	0.6727774682737079	0.06101814925437577	0.3545425815751317	0.520510773667255	0.40948941755139906	0.47228815877011	0.31318667063316413	0.9224649730233047	0.5360184269488552	0.4529928779648037	1.2800955281321118	3.7144683379727415	0.8238561702592488	0.8598160401025976	0.13087683748285756	0.8208472454257614	3.3734806115569995	1.7021033130160048	0.17368504223535838	0.9675128579989253	0.5373608689327201	0.47128525401331883	0.5647245759724454	0.0	0.0	0.0	2.7923223744656966	0.5785939503259738	0.0	0.0	0.0	0.0	0.0	0.3545425815751317	0.0	0.40948941755139906	0.0	0.0	0.0	0.0	0.4529928779648037	0.0	0.0	0.0	0.8598160401025976	0.0	0.0	0.0	0.0	0.0	0.9675128579989253	0.0	5.801170983385403	0.20749005451016442	0.004276088103959394	1.351256790349887	0.0021843699533080313	1.6874450526946128E-5	1.5166854414667756	39.82109810598447	-763.5788897966786
80000	-11221.923546087377	-10388.408813894985	-833.5147321923923	-10244.054791893026	86.0584360774384	564.0039218889992	1	0	1	0	0	1	0	0	0	1	0	1	0	0	0	0	0	0	1	0	0	0	1	0	0	0	0	0	1	0	3.7142286755228113	0.20103936867325548	1.178240509838979	0.32815934195447444	0.5205965019052236	0.8682086107692601	1.037088755398208	0.7681101264145396	0.14021333080820242	0.706993577207599	0.18857372315340118	0.38072147124806466	0.5933436971542394	0.01384860100307554	0.05743894264878928	0.538590058999347	3.649071361081794	0.49195986210576104	0.5995705484213227	1.1237423394713706	0.04897149008771909	0.7020939417456943	0.6885046596992708	0.5237472948487448	0.42491682704609723	0.44266252463630423	1.872792902007733	0.704735667361806	1.0435009689672652	1.6709968779552749	0.542529795827658	3.7142286755228113	0.0	1.178240509838979	0.0	0.0	0.8682086107692601	0.0	0.0	0.0	0.706993577207599	0.0	0.38072147124806466	0.0	0.0	0.0	0.0	0.0	0.0	0.5995705484213227	0.0	0.0	0.0	0.6885046596992708	0.0	0.0	0.0	0.0	0.0	1.0435009689672652	0.0	6.353242511475774	0.20749005451016442	0.003997482337911841	1.442166653807813	0.002041294673495227	2.1026446343550595E-5	1.8064761073407267	49.7311539888569	-777.9117898773103
90000	-11125.881308139044	-10302.646218640284	-823.2350894987591	-10150.915885395127	52.15032071137074	465.67591580100304	1	0	0	0	0	0	0	0	0	1	1	0	0	0	0	0	0	0	1	0	0	0	1	1	0	1	0	0	1	0	1.928958058690665	0.03474764566088682	0.9185069972795933	1.0769079201545606	0.14101225329107214	1.0441766394536118	2.5928648811482793	0.7327099754426718	0.7107330416898124	1.1349068412591063	0.2699111847111615	0.20352528808980402	0.24933618656526346	0.939407856917247	0.4040082017657068	2.1125815693665118	0.8739508529438618	1.9488785089531648	0.8787514075234177	0.4270130084165901	1.3351559437099774	3.1750737553225212	1.244074187824909	1.144249799267637	0.6038914851059946	1.332718259755258	0.4808773322305743	0.6721911498441124	1.5968894511719225	3.2035198386320354	0.4519238177695175	1.928958058690665	0.0	0.0	0.0	0.0	0.0	0.0	0.0	0.0	1.1349068412591063	0.2699111847111615	0.0	0.0	0.0	0.0	0.0	0.0	0.0	0.8787514075234177	0.0	0.0	0.0	1.244074187824909	1.144249799267637	0.0	1.332718259755258	0.0	0.0	1.5968894511719225	0.0	6.353242511475774	0.20749005451016442	0.0037868787509869177	1.3710597595121303	0.0022441700230588345	1.8319399418855407E-5	1.7622808036250759	42.04055535713358	-759.8306557639808
100000	-11103.049236081937	-10283.04294008832	-820.0062959936163	-10130.451943148564	63.84444658441495	487.98333904209954	0	0	1	0	0	0	0	0	0	1	0	1	0	0	0	0	0	0	1	0	1	0	1	0	0	1	0	0	1	0	0.6906581302837524	0.19949308140909386	6.044239645785533	0.3763884947389513	0.7476643727736931	0.15193110722106695	0.4237637308544822	0.0999894409515682	0.7695838501344922	0.7896697987029868	0.16159237222174982	0.9213359502662833	0.5773300684212309	0.4315706561193571	2.78237145433555	2.0429774468005575	0.767437277386686	0.6070526570602297	0.6996683762820155	0.7405789629837026	0.1316872579007763	0.272170643217662	1.8138507804301092	0.4967229163156394	0.9444607051636061	1.7745050709520205	0.5186970714657015	0.802391904229178	0.16688981167895614	1.0069923435981452	0.39498638583061835	0.0	0.0	6.044239645785533	0.0	0.0	0.0	0.0	0.0	0.0	0.7896697987029868	0.0	0.9213359502662833	0.0	0.0	0.0	0.0	0.0	0.0	0.6996683762820155	0.0	0.1316872579007763	0.0	1.8138507804301092	0.0	0.0	1.7745050709520205	0.0	0.0	0.16688981167895614	0.0	6.353242511475774	0.20749005451016442	0.0032877879248768616	1.322670275722581	0.001966633389016192	2.026105615437697E-5	1.8412291457472667	44.407610959761186	-761.8229061696061
110000	-10903.801259534324	-10063.804985355999	-839.9962741783249	-9910.997251989456	48.47269841632272	494.50656570929567	0	0	1	0	0	0	0	0	0	1	0	0	1	0	0	0	0	0	1	0	0	1	1	0	0	1	0	0	0	0	0.04075732009223501	0.9998725158292621	3.1064588219808034	0.9175622906760794	0.24739835047061076	1.0064153084015954	1.1796126419340407	0.7212474340870889	0.5684437267179216	0.4469959045801297	1.173834324156073	0.324731417987041	0.4375907497562135	0.2984843509857575	0.27639551199316686	0.6669142411453994	0.2753089919570198	4.119854387647064	0.6949366573019163	1.9909364862131833	0.8608893451352526	0.2898415314207182	1.1355708302847165	1.4698657723494353	0.5402311878780954	1.6669087921535457	0.20450975321847964	0.780285048306359	0.07857048331263525	1.2914912009692399	0.3707215560220806	0.0	0.0	3.1064588219808034	0.0	0.0	0.0	0.0	0.0	0.0	0.4469959045801297	0.0	0.0	0.4375907497562135	0.0	0.0	0.0	0.0	0.0	0.6949366573019163	0.0	0.0	0.2898415314207182	1.1355708302847165	0.0	0.0	1.6669087921535457	0.0	0.0	0.0	0.0	6.8955903221217465	0.20749005451016442	0.002870169790298338	1.3546111003285903	0.0018037266718035387	1.2434692123171243E-5	1.7611788885089712	53.19436203782467	-782.6255116267514
120000	-10809.097897984577	-9989.352050415364	-819.7458475692131	-9836.46320967071	35.307075681964264	449.0160770410741	0	0	0	1	1	1	0	0	0	0	1	0	0	0	0	0	0	0	1	0	0	0	1	1	0	0	1	0	0	0	0.1579092708250243	1.0014699823835358	0.3127463967493407	3.7646228199967378	2.6058733924558526	0.6277328378154482	0.9129515064500379	2.784915855110726	0.5775362913585244	0.3521510350088056	0.13157692766146917	0.26226195443015565	2.050156508639173	0.18663098043847154	0.5579496729771438	2.4703270279307485	2.456149963067404	1.0026594241771107	0.549937221454232	0.13225852329807508	0.19696845700928559	0.10570411949693391	0.5173246324408634	1.6753603438940516	1.3311677581587162	0.3571770698323668	1.3755898068928991	0.9567884168187272	0.9407872024336228	0.984432273058124	0.5968921650644641	0.0	0.0	0.0	3.7646228199967378	2.6058733924558526	0.6277328378154482	0.0	0.0	0.0	0.0	0.13157692766146917	0.0	0.0	0.0	0.0	0.0	0.0	0.0	0.549937221454232	0.0	0.0	0.0	0.5173246324408634	1.6753603438940516	0.0	0.0	1.3755898068928991	0.0	0.0	0.0	6.121521732964613	0.20749005451016442	0.002926368331332183	1.3116970458845514	0.001966432947179279	1.536352126966807E-5	1.6866246525572608	36.888977569533864	-757.6507547990757
130000	-10738.09690909997	-9906.656797687896	-831.4401114120732	-9757.584864161126	35.749781040396925	473.2166022488098	1	0	0	0	0	0	0	0	1	1	1	0	0	0	0	0	0	0	1	0	0	0	1	1	0	0	0	0	1	0	2.3577445779268	0.6106262603382266	0.16710644031932428	0.3087129550807338	1.5302941852996037	0.1253527364227862	2.4208043689035943	0.19768978361345715	0.5913069502966242	0.1951287800552107	0.7293331216359582	0.07303084088843752	0.43840925395662533	1.0700569750368298	6.019163893156498	1.3841332111410343	0.4640078427524444	1.3800929065635044	0.4696021836539809	2.998023799350001	3.9440211058038273	0.1455191438111515	0.650156047998611	0.6125133568700138	0.7948640723037499	0.7628546430900287	1.6476635835538525	1.9195266338362096	0.29714884336042163	0.5251667619100494	0.4356397248928013	2.3577445779268	0.0	0.0	0.0	0.0	0.0	0.0	0.0	0.5913069502966242	0.1951287800552107	0.7293331216359582	0.0	0.0	0.0	0.0	0.0	0.0	0.0	0.4696021836539809	0.0	0.0	0.0	0.650156047998611	0.6125133568700138	0.0	0.0	0.0	0.0	0.29714884336042163	0.0	6.121521732964613	0.20749005451016442	0.002278382968454517	1.273929725511091	0.0016790957597704152	1.1062224653899658E-5	1.7129005636212604	44.726634040500365	-765.2240502171325
140000	-10697.574469029258	-9879.771633834504	-817.8028351947544	-9729.576274869734	42.632230640567855	486.0045925500788	1	0	0	0	0	0	0	0	0	1	0	0	1	0	0	0	1	0	1	0	0	0	1	0	0	1	0	0	1	0	2.005830960387911	0.6169526641051023	2.4998451935425057	1.3561145598805067	1.4051575880621263	0.8310984688873346	2.7498339975110175	0.34421680566476404	1.4818285698028757	0.24298413262507731	0.11497456619349113	0.05224811653245456	0.08447710982569832	0.6300010841851087	0.6403956177272448	0.3491473580383377	0.03492941450890756	2.885231056330228	0.26285766577642455	0.7050092305263573	0.13556735710813925	0.5348323889172247	0.5387529243537571	0.9883255845677896	0.1330141311289773	0.5220496595459883	0.5242172774033381	1.0887449264576128	1.1596796734659105	0.7430305268343255	0.4548583342919607	2.005830960387911	0.0	0.0	0.0	0.0	0.0	0.0	0.0	0.0	0.24298413262507731	0.0	0.0	0.08447710982569832	0.0	0.0	0.0	0.03492941450890756	0.0	0.26285766577642455	0.0	0.0	0.0	0.5387529243537571	0.0	0.0	0.5220496595459883	0.0	0.0	1.1596796734659105	0.0	6.121521732964613	0.20749005451016442	0.0023424059734998342	1.1583580235160467	0.0017938650987018006	9.109540188822081E-6	1.4968356860817669	41.92403696852619	-761.2211414573286
150000	-10571.802422481012	-9776.845362138753	-794.9570603422603	-9618.044176720086	33.071450597436474	447.42674848560654	0	0	0	0	0	0	0	0	0	1	0	1	0	0	1	0	0	0	1	0	0	0	1	0	0	1	0	0	1	0	0.49900609814854846	0.11522914238976288	0.016057051166879964	0.07703102329183664	1.5403521490465732	0.9147747086138699	0.562624901666591	1.2573912000221872	0.35521976984287246	1.0300969496001122	0.19720720966813834	0.8105810814718096	0.32725829565935866	0.2426565562781328	0.1707717005778457	0.18995882165402384	0.05519567353898668	1.069330467928065	1.0548145994877727	0.8356648524506356	0.2669000135033478	0.29304240603004106	1.658401256393629	0.2972269548450867	0.3201548509481062	0.4276687891858074	1.2853151428613152	1.6953926229362308	1.7876966398490537	0.6047228225894892	0.2417451426070588	0.0	0.0	0.0	0.0	0.0	0.0	0.0	0.0	0.0	1.0300969496001122	0.0	0.8105810814718096	0.0	0.0	0.1707717005778457	0.0	0.0	0.0	1.0548145994877727	0.0	0.0	0.0	1.658401256393629	0.0	0.0	0.4276687891858074	0.0	0.0	1.7876966398490537	0.0	6.121521732964613	0.20749005451016442	0.002254422009764392	1.2566626448976372	0.0017111189621380495	8.805898284783196E-6	1.6190124336852865	38.46753376219194	-745.8320380831045
160000	-10499.923722640311	-9677.713725749245	-822.2099968910654	-9516.61917961433	38.373070601134664	491.01796406491354	1	0	1	0	0	0	0	0	0	1	0	1	0	0	0	0	0	0	1	0	0	0	1	0	0	1	0	0	1	0	2.842083385717225	0.685159869535654	0.09821090310846672	0.006915838428470047	1.2409621320007316	0.4069187524532649	3.2094315045159263	3.4833744019764357	0.8277184947449435	0.6417798509116921	1.5307193147945688	0.9159037870123345	0.1749877107126799	0.7223464036059599	0.3482871340684779	0.4177268272905169	2.2580299057517252	0.0476668272336646	0.6551659368629449	0.16109588620534446	1.3004455690613888	0.34218051323840826	0.7756676512339444	0.17070311138502836	0.7226305104343466	0.3485998666647114	0.76516781735087	0.5391125470768398	2.1108274889982575	3.4572452385233046	0.43446451861136115	2.842083385717225	0.0	0.09821090310846672	0.0	0.0	0.0	0.0	0.0	0.0	0.6417798509116921	0.0	0.9159037870123345	0.0	0.0	0.0	0.0	0.0	0.0	0.6551659368629449	0.0	0.0	0.0	0.7756676512339444	0.0	0.0	0.3485998666647114	0.0	0.0	2.1108274889982575	0.0	5.312312095690874	0.20749005451016442	0.0021361712003223885	1.2574233374030845	0.001624667519278215	8.09573970867547E-6	1.6077604654570565	38.23333790879645	-759.8056334598023
170000	-10424.961072288368	-9625.846728110606	-799.1143441777617	-9463.420318466518	36.91390599613166	464.06014757186483	0	0	1	0	1	1	0	0	0	0	0	1	0	0	0	0	0	1	1	0	0	0	0	1	0	0	0	0	1	0	0.26335802504825784	0.5465312503338653	2.7753557274198193	0.035058654964174665	0.5086979850670129	0.06957416704412141	0.26068612016313863	0.06905084881014886	1.3291880176121584	0.4664941130995122	0.688156699151589	0.6878406813537499	1.5195710063002092	1.353045181633446	0.3416193827867415	0.8169317711800602	0.4672488574317432	0.29877532907953097	0.9182491707129424	1.293529202401564	0.23352484738326665	2.018280301343381	2.0301655882922156	2.035091520137825	0.11371051262517207	0.80592603774731	0.6220245331670419	1.2915761490437492	0.6559686962674776	2.140406148138486	0.3893353623806363	0.0	0.0	2.7753557274198193	0.0	0.5086979850670129	0.06957416704412141	0.0	0.0	0.0	0.0	0.0	0.6878406813537499	0.0	0.0	0.0	0.0	0.0	0.29877532907953097	0.9182491707129424	0.0	0.0	0.0	0.0	2.035091520137825	0.0	0.0	0.0	0.0	0.6559686962674776	0.0	6.737882053016375	0.2832005428719344	0.0021256675360193907	1.1738964770900955	0.0017067714967239967	8.414946838356157E-6	1.6421688235773846	39.662429960848186	-741.1336010296702
180000	-10392.48758961267	-9577.564495634344	-814.9230939783259	-9419.464967084903	36.08041643139253	468.7745408741152	1	0	1	0	0	0	0	0	0	1	0	0	0	0	0	0	0	1	1	0	0	0	0	1	0	1	0	0	0	0	3.0841414954616164	1.0105331296409195	2.969548292176265	0.45042588770464803	0.09629799387783787	0.16790256753094718	0.8728212044685033	0.19628730838152836	0.17066650057125574	0.558719837347339	1.922539533342549	0.15869102134673235	0.6714212068694643	2.0651645214893826	0.2425616206343631	0.2652759187446742	3.7365954102000427	0.15872941871810317	0.5135972235655072	1.408085840420674	0.3722700897560822	0.9060217819472214	0.95296534875627	0.49120271107140295	0.015521568516808104	1.894432787615919	0.7670917513551024	2.1793869788494917	2.589748419837327	0.8818309094084996	0.502414504061854	3.0841414954616164	0.0	2.969548292176265	0.0	0.0	0.0	0.0	0.0	0.0	0.558719837347339	0.0	0.0	0.0	0.0	0.0	0.0	0.0	0.15872941871810317	0.5135972235655072	0.0	0.0	0.0	0.0	0.49120271107140295	0.0	1.894432787615919	0.0	0.0	0.0	0.0	6.737882053016375	0.2832005428719344	0.0024305408869187725	1.2224961729294552	0.0017022202845328133	6.763268893192728E-6	1.364606968600775	33.63934782788511	-753.5306280565544
190000	-10333.801180785858	-9532.982670137397	-800.8185106484623	-9369.749360737944	35.59265043895343	451.8117457386412	0	0	1	0	0	1	0	0	0	1	0	1	0	0	0	0	0	1	1	0	0	0	0	1	0	0	0	0	1	0	0.45609868315088525	1.4509530131840334	2.5398350041580375	1.826544555593764	0.7832801939034738	0.13190120366156563	0.3171176961552057	0.5190659495653229	0.6788791756523889	0.434387294391791	0.33898630278554714	1.0702809485701716	0.9816690043348122	1.515281814266531	0.3968813310374356	0.5217347051045774	2.166666862563743	0.1799863234619598	0.20353315255225088	0.8201155265127045	0.8015304006600756	0.5720065095656431	1.373197109688925	0.6989074082375144	0.012659775061332095	0.22575993828539528	0.898449062048052	1.8020502753571885	0.7345451691500261	1.787171287004408	0.4595981493103673	0.0	0.0	2.5398350041580375	0.0	0.0	0.13190120366156563	0.0	0.0	0.0	0.434387294391791	0.0	1.0702809485701716	0.0	0.0	0.0	0.0	0.0	0.1799863234619598	0.20353315255225088	0.0	0.0	0.0	0.0	0.6989074082375144	0.0	0.0	0.0	0.0	0.7345451691500261	0.0	6.19094389472828	0.23460113695645018	0.0021416324439073346	1.2531589671843433	0.0017178111052067175	5.267734934241115E-6	1.429164572183217	39.13727461988984	-743.0707155463177
200000	-10277.304359401136	-9454.570322301144	-822.7340370999914	-9298.647733361553	36.3788030298125	471.1551853842225	1	0	1	0	0	0	0	0	0	1	1	0	0	0	0	0	0	1	1	0	0	0	0	1	0	1	0	0	0	0	2.441079577128536	0.3430367745396183	5.133952210681026	0.41083206377917847	1.5546389725865681	0.16555577547287423	1.703374487512514	0.23778709509065074	1.804158884263608	0.10426915281501249	0.579483240629033	0.641720766371116	0.28909351833466557	2.350800559333873	0.9062642688424861	1.692895609890495	0.7058840116265315	0.23511471557845876	0.5219881191305804	0.1932400784807591	3.3224823733133153	0.13852374675577536	5.326590099616806	1.6569219885370376	0.48550603885526017	0.34934753845440714	0.4937818141759992	0.053147733284687804	1.0503639079343496	0.2728437492558054	0.6833682399233099	2.441079577128536	0.0	5.133952210681026	0.0	0.0	0.0	0.0	0.0	0.0	0.10426915281501249	0.579483240629033	0.0	0.0	0.0	0.0	0.0	0.0	0.23511471557845876	0.5219881191305804	0.0	0.0	0.0	0.0	1.6569219885370376	0.0	0.34934753845440714	0.0	0.0	0.0	0.0	6.19094389472828	0.23460113695645018	0.0016252496028967079	1.0353801694349187	0.0014112275674333932	2.1625162099036587E-6	1.1370204528060075	43.019251732481735	-755.2177687979625
210000	-10068.506390275183	-9250.554163697921	-817.9522265772613	-9088.72635714609	33.97133161685005	462.5901862208913	1	0	1	0	0	0	0	0	0	0	0	0	0	1	0	0	0	1	1	0	0	0	0	1	0	1	0	0	0	0	0.2290520962621285	1.317662179621444	2.146018502779973	0.1543777214107043	5.387346111906452	0.12656034582679354	1.0471834315578044	0.5538736220280436	0.46728352200037515	1.5195212372100053	1.0656833502892256	0.9197101219142017	0.03455771222890872	0.5020773431898454	2.8040107627287507	0.25065843883766364	0.16324849269713534	0.2603993594443083	0.7680893907531673	0.23196380053224802	0.34751917260517223	0.0771441673709783	1.8155383504230973	1.8657452082107695	0.1855936597877645	0.306463590542642	1.0910578051748796	0.18596430417653537	1.5976458920100836	0.8134810642923345	0.6253719895719865	0.2290520962621285	0.0	2.146018502779973	0.0	0.0	0.0	0.0	0.0	0.0	0.0	0.0	0.0	0.0	0.5020773431898454	0.0	0.0	0.0	0.2603993594443083	0.7680893907531673	0.0	0.0	0.0	0.0	1.8657452082107695	0.0	0.306463590542642	0.0	0.0	0.0	0.0	6.738873851852929	0.2690742635110098	0.0013484662070461233	0.8637721225103886	0.0012393635884678231	1.640512059511768E-6	1.1010178000891608	38.692971186134834	-758.6804411811372
220000	-9989.16110661926	-9200.168195255947	-788.9929113633143	-9048.724150418248	32.29494592114935	437.8383824130429	1	0	1	0	1	1	0	0	0	0	0	0	0	1	0	0	0	1	1	0	0	0	0	1	0	0	0	0	0	0	0.33585405251360506	0.26962692015732237	2.230380151063762	2.2967784060951546	0.8800642743820786	0.24870301073608664	0.3394988162507198	1.2403811135277623	0.07609636430094859	0.3930969106317336	0.6509274429311388	0.4303691564238704	1.308333884811739	0.6821781240550837	0.08022041861057541	0.4064793524739259	0.9534675862067278	0.1465209306892013	0.20696111117600888	0.9874594661428729	0.8837148048072143	0.9768986053300884	0.5409972270816826	0.6678153633409424	0.16414472423121934	0.8699038880562993	0.24316336247284911	1.6893410561396816	0.5177129797714295	0.08372954846252025	0.47055839852161274	0.33585405251360506	0.0	2.230380151063762	0.0	0.8800642743820786	0.24870301073608664	0.0	0.0	0.0	0.0	0.0	0.0	0.0	0.6821781240550837	0.0	0.0	0.0	0.1465209306892013	0.20696111117600888	0.0	0.0	0.0	0.0	0.6678153633409424	0.0	0.0	0.0	0.0	0.0	0.0	6.24970930053316	0.3308984990235034	0.0015839926681544038	0.7670877212020671	0.0015557899010621434	1.381498723263189E-6	0.7564453228001661	36.664065659846415	-737.006523654585
230000	-10009.974664280378	-9183.74441643676	-826.2302478436176	-9029.824533524641	32.178826304614965	477.1482563540664	1	0	1	0	0	0	0	0	0	1	0	0	0	1	0	0	0	1	1	0	0	1	0	1	0	1	1	0	0	0	0.9826646500751467	0.8463110995393016	4.172439345208469	0.8073593351058966	0.20293227370866176	0.07457475828033822	0.5696309066333977	0.8963476044047873	1.420829086475512	0.6209868195378376	2.71238011177696	1.548493028691068	0.08248112416358433	1.7145886141023703	1.9459533650525669	0.883787766980521	3.2664901342851973	0.743131799365948	0.8053220913225857	1.0852155427593826	0.7464282478736294	0.00758893436928009	0.0429139269886946	2.3652060262382357	1.7134151895393446	1.2767063649338526	0.2854320781565392	0.15596962318896013	0.2655391712431179	1.3030745754085427	0.4199519033909663	0.9826646500751467	0.0	4.172439345208469	0.0	0.0	0.0	0.0	0.0	0.0	0.6209868195378376	0.0	0.0	0.0	1.7145886141023703	0.0	0.0	0.0	0.743131799365948	0.8053220913225857	0.0	0.0	0.00758893436928009	0.0	2.3652060262382357	0.0	1.2767063649338526	0.2854320781565392	0.0	0.0	0.0	6.24970930053316	0.3308984990235034	0.0014460445826862285	0.7855925780888695	0.001371645564301429	1.3479663842547512E-6	0.8210780711058134	48.45016549346803	-757.2009949352145
240000	-9967.942535821678	-9109.440009913502	-858.5025259081754	-8954.526201033696	33.63877269091639	541.646685322601	1	0	1	1	0	0	0	0	0	0	1	0	0	0	0	0	0	0	1	0	0	0	1	1	0	1	0	0	1	0	1.7708390781472998	1.4521410311641116	1.2110652359785223	2.1906766771807624	1.0955621908560562	1.9088528882342608	0.7270705830838167	2.1867126470372003	2.214892753119463	1.7061971683151262	0.45419670200054596	0.26074850752586975	0.020887740976948746	1.2215556792631073	0.5475174491248993	0.4678556421589003	1.1518842565748064	0.0980148447134507	1.3939738796802745	0.0102554864793017	0.3678249153910608	0.22225041027831915	0.561806015802619	3.3374522749361137	0.36265934304568065	0.2401722994313546	0.9796127245508894	2.0496535538827136	0.5899909820103052	2.0992873100427385	0.37973876426412856	1.7708390781472998	0.0	1.2110652359785223	2.1906766771807624	0.0	0.0	0.0	0.0	0.0	0.0	0.45419670200054596	0.0	0.0	0.0	0.0	0.0	0.0	0.0	1.3939738796802745	0.0	0.0	0.0	0.561806015802619	3.3374522749361137	0.0	0.2401722994313546	0.0	0.0	0.5899909820103052	0.0	6.24970930053316	0.3308984990235034	0.0012977649449072608	0.7769292627928598	0.0012043735239291814	1.0560237388058858E-6	0.8082978708648676	46.10552289703705	-791.8524521920382
250000	-9655.908779253816	-8790.263809576887	-865.6449696769291	-8640.327180050808	34.833285586006575	558.9390576436333	1	0	1	1	0	0	0	0	0	0	1	0	0	0	0	0	0	0	1	0	0	0	1	1	0	1	0	0	0	0	0.7157649565206972	1.107953203932303	2.541983821658188	0.15078504936427942	3.1091749000044873	0.03439619460619642	0.43871262674899564	0.5351080068611157	3.919852665331242	0.7261131821119416	0.14249053072926046	1.2539090541423041	0.007816480135615058	1.6459127888995608	2.0215017810905205	0.3913181313859113	0.7945651713994627	0.4523945184174381	0.798754925065176	1.5088370635560129	1.139348557630097	1.8577148749090047	0.47543060682088895	1.4916144420143829	0.15391053390348716	0.6219272902858863	0.2760765520625804	2.012608170387845	0.7369798816946784	0.6376247825293427	0.25681094519284553	0.7157649565206972	0.0	2.541983821658188	0.15078504936427942	0.0	0.0	0.0	0.0	0.0	0.0	0.14249053072926046	0.0	0.0	0.0	0.0	0.0	0.0	0.0	0.798754925065176	0.0	0.0	0.0	0.47543060682088895	1.4916144420143829	0.0	0.6219272902858863	0.0	0.0	0.0	0.0	6.24970930053316	0.41988739303084144	0.001052771537236719	0.6746809632793996	0.0010387704162197677	5.220494490774591E-7	0.7597591529310035	53.21267547386459	-801.6114393144875
260000	-9561.197504893777	-8721.470591738556	-839.7269131552207	-8567.692333118275	36.85968584519175	511.3959659921185	1	0	1	1	0	0	0	0	0	0	0	0	0	1	0	0	0	1	1	0	0	0	0	1	1	1	0	0	0	0	1.9331391839329084	0.7904075458526936	1.3691779772280352	0.5981604850593538	0.7681669746587323	0.46308124124396616	0.13865344673203042	2.528216925063936	0.2195358474257184	0.8083508739911254	0.409818893219914	2.700790244562962	1.108234215519948	0.49686826950630403	1.9743735387375791	0.8633890237229948	0.3971130369175421	0.18887672872263894	0.9144679776128343	1.5297473141017914	0.4391434918310739	0.1661223419024513	0.8853916610387313	2.8236232594417876	0.2047995303304407	1.1682122168148534	3.6034766488028906	0.31693407349879815	0.2152201458775215	0.9460535978688025	0.2770162431348043	1.9331391839329084	0.0	1.3691779772280352	0.5981604850593538	0.0	0.0	0.0	0.0	0.0	0.0	0.0	0.0	0.0	0.49686826950630403	0.0	0.0	0.0	0.18887672872263894	0.9144679776128343	0.0	0.0	0.0	0.0	2.8236232594417876	0.2047995303304407	1.1682122168148534	0.0	0.0	0.0	0.0	6.24970930053316	0.41988739303084144	0.0011218110575678829	0.5637938954899402	0.0011128981828274875	3.915869118920993E-7	0.5724883843285541	38.815354368595415	-775.5387824083118
270000	-9542.51809332347	-8696.627108682062	-845.8909846414075	-8538.123456474257	35.51008368713317	523.5908205612866	1	0	1	0	0	0	0	0	0	0	0	0	0	1	0	0	0	1	1	0	1	0	0	1	1	1	0	0	0	0	1.276317140510013	0.040932488998977855	2.4226412178116905	3.115467583430181	0.9032708179697363	0.8005854785822651	1.9986921199572258	0.5869221259916404	0.12341504490045713	0.10880928847889756	2.248322764000712	3.1563548993250206	2.811533694108863	0.2632322075564132	0.13706256075730522	0.30871151656589996	0.23810103700433016	0.15161208343514715	0.24144700515372775	1.0660229806367534	0.025165991268279234	1.4889080926781675	0.9472338801645901	1.4794343724721595	0.11698327478472431	0.5796221440384933	1.919134025398659	3.656509793053159	0.27172085722126216	0.5006124568553245	0.5062783094105666	1.276317140510013	0.0	2.4226412178116905	0.0	0.0	0.0	0.0	0.0	0.0	0.0	0.0	0.0	0.0	0.2632322075564132	0.0	0.0	0.0	0.15161208343514715	0.24144700515372775	0.0	0.025165991268279234	0.0	0.0	1.4794343724721595	0.11698327478472431	0.5796221440384933	0.0	0.0	0.0	0.0	5.642050587945556	0.41988739303084144	0.001087348290231117	0.5420407106591401	0.001092976977133921	3.444258228040195E-7	0.5587452799446687	47.944548792296544	-778.9775441261021
280000	-9530.678375774136	-8692.101522051307	-838.5768537228283	-8534.755925608675	34.43730024329862	504.77104547062305	1	0	1	0	0	0	0	0	0	0	0	0	0	1	0	0	0	1	1	0	0	0	0	1	0	1	0	0	0	0	1.1332078510570034	1.753784789895563	3.855742130846548	0.5610153329456833	0.9902082761633803	1.0067546978525788	2.8891515800237855	0.026931499930741138	3.2177760125500274	0.2602037772832757	0.18242154073137126	2.1175712131900135	0.14680832325773074	1.7050714550370405	2.2614030477595457	0.5866230881315606	1.0936038800612176	0.5031618781756146	0.2739244666397114	0.4165874779359327	0.005147176088112989	0.45589484516266826	0.4448229782813303	1.4992748243077163	0.00534842578098167	0.627827811762596	1.9515360517285159	0.7051473304782365	0.9943393682574951	2.168768885185096	0.3028580865480496	1.1332078510570034	0.0	3.855742130846548	0.0	0.0	0.0	0.0	0.0	0.0	0.0	0.0	0.0	0.0	1.7050714550370405	0.0	0.0	0.0	0.5031618781756146	0.2739244666397114	0.0	0.0	0.0	0.0	1.4992748243077163	0.0	0.627827811762596	0.0	0.0	0.0	0.0	6.7166126226690475	0.41988739303084144	0.001074184969081516	0.6413971940480998	0.0010937886816395675	3.783411302642123E-7	0.6095469856688226	44.80370879978423	-773.9557067613683
290000	-9521.832631621637	-8670.786063916688	-851.0465677049484	-8517.027547121404	37.70312464563139	532.0597383533011	1	0	1	0	0	0	0	0	0	1	0	0	0	1	0	0	0	1	1	0	0	0	0	1	0	1	0	0	0	0	2.054259130516755	0.3817107362327966	2.978238871707672	3.921045499599623	1.0618104298943183	0.39437669060233443	0.4843630111197754	0.020949632429522004	0.34048727647019117	0.37681002683559	2.591106837952018	0.8394965158364539	0.35414433000001344	0.4053869444714147	3.1905827964590077	1.3726001036230049	2.523420887244359	0.199497640676848	0.4192114263153433	0.045878020722612586	0.035723782540642096	0.1790975257399374	0.09028699568650882	1.8895539871376619	1.3771677234535364	0.6412154128777233	0.26382758176608406	3.389078899049445	1.4786001199119505	0.14434524109116534	0.5731910498143785	2.054259130516755	0.0	2.978238871707672	0.0	0.0	0.0	0.0	0.0	0.0	0.37681002683559	0.0	0.0	0.0	0.4053869444714147	0.0	0.0	0.0	0.199497640676848	0.4192114263153433	0.0	0.0	0.0	0.0	1.8895539871376619	0.0	0.6412154128777233	0.0	0.0	0.0	0.0	6.7166126226690475	0.41988739303084144	0.0011207743919976064	0.7640960040073665	0.0010834565380834242	6.636074790137945E-7	0.7496521828413031	45.30850623814282	-784.4751000484615
300000	-9555.921870383885	-8699.967375651411	-855.9544947324748	-8537.913902828459	36.11818991265895	533.484132064127	0	0	1	1	1	1	0	0	0	0	0	0	1	1	0	0	0	1	1	0	0	0	0	1	0	0	0	1	0	0	0.4625669984328407	0.2099973384488417	2.975376602335147	0.1043732338767079	2.932082952431296	0.6292869887718999	3.293737016123827	0.14544907115610953	0.055711029611503364	2.0661449651025854	0.04904918015259829	1.2959121692420175	0.8014294150890189	0.9968756191327466	1.2616256607501657	0.0325598955656013	1.8053080816369458	0.2940971654105512	0.8090729754201604	0.9973101678489239	0.6444658608072171	0.15743459616537242	0.9957671990016945	1.855094225238186	1.3957622862898502	0.5268592136199285	1.5705596204548844	0.30360242436979223	0.44222957479124425	2.0011057964163705	0.286988543961705	0.0	0.0	2.975376602335147	0.1043732338767079	2.932082952431296	0.6292869887718999	0.0	0.0	0.0	0.0	0.0	0.0	0.8014294150890189	0.9968756191327466	0.0	0.0	0.0	0.2940971654105512	0.8090729754201604	0.0	0.0	0.0	0.0	1.855094225238186	0.0	0.0	0.0	0.30360242436979223	0.0	0.0	6.7166126226690475	0.4618182572835662	0.0011120677337971144	0.4258747318920792	0.001149223906425405	2.534664993726915E-7	0.4507435441091782	53.42271832644936	-789.5956030153206
310000	-9554.631254950402	-8702.746519696544	-851.884735253857	-8552.287800931786	34.78685576626948	496.6020366191198	0	0	0	0	1	1	0	0	0	0	0	0	0	1	0	0	0	1	1	0	0	0	0	1	0	0	0	0	1	0	2.6834635116619245	0.009940704663342721	6.402996705692321	1.6961829787326896	1.7829349443182745	0.1248723595756985	0.7501944119473137	1.2287711759289772	2.1251327652986345	2.0561371560260224	0.2336692021409509	0.6707031991052734	4.312484032623669	0.5894714042920901	0.40201408028641833	2.9322898471375223	0.34629661764787234	0.15736469334505174	0.20133258951680197	0.28388742477501705	1.3171027328076441	3.51616266364995	1.2853519768939567	0.6446237076794444	0.8143737506382793	0.10563627861950062	1.3631097435589492	1.9834768177266915	0.9428966998500157	1.052940432247203	0.45834122863760995	0.0	0.0	0.0	0.0	1.7829349443182745	0.1248723595756985	0.0	0.0	0.0	0.0	0.0	0.0	0.0	0.5894714042920901	0.0	0.0	0.0	0.15736469334505174	0.20133258951680197	0.0	0.0	0.0	0.0	0.6446237076794444	0.0	0.0	0.0	0.0	0.9428966998500157	0.0	5.882043858267863	0.5609354354926444	0.0011518855086874947	0.6270633595266863	0.0011838876783569208	3.4249221130897826E-7	0.5109437793568345	47.807154980362476	-778.9984583727855
320000	-9548.719186042677	-8702.475874860831	-846.2433111818461	-8541.434634900808	35.0191105574559	524.1796206907992	1	0	0	0	0	1	0	0	0	1	0	0	0	1	0	0	0	1	1	0	0	0	0	1	0	1	0	0	1	0	1.7087382900088162	0.008897245482418496	1.0840214390176506	0.07448768453984939	0.7197764836229822	0.5948071753657589	0.9282276627875603	0.11247895045939912	0.7816025048545813	1.0272643031324031	0.763434724970331	0.5081922138805813	0.09733628910702487	0.5736142741308896	1.358947803862661	0.014411405695037736	0.47711181667074365	0.24989506003299683	0.17969136264499333	0.5208522996135787	0.4702410431230451	1.7637925347873809	0.4210063849534543	1.427676340855599	3.636128213505368	1.178324667658357	0.09829308311635025	0.8952486704735145	1.5087195107028677	2.3237824254882002	0.3888740278824976	1.7087382900088162	0.0	0.0	0.0	0.0	0.5948071753657589	0.0	0.0	0.0	1.0272643031324031	0.0	0.0	0.0	0.5736142741308896	0.0	0.0	0.0	0.24989506003299683	0.17969136264499333	0.0	0.0	0.0	0.0	1.427676340855599	0.0	1.178324667658357	0.0	0.0	1.5087195107028677	0.0	5.882043858267863	0.47639174504359055	0.0010077680978669691	0.49386540844896354	0.0010538664801197975	2.0925532120564446E-7	0.46112154294266666	54.72143658266903	-786.6835124295775
330000	-9561.915218179147	-8705.148160061693	-856.767058117454	-8549.9358700185	33.99655558747001	502.1340348974893	1	0	1	0	0	0	1	0	0	0	0	0	0	1	0	0	0	1	1	0	0	0	0	1	0	1	0	0	0	0	2.5265377042942823	0.46053040000319134	3.949595871025663	0.1727600387071779	0.6932452282817207	1.3164109585195627	0.5127807692110767	0.48032856064384527	1.0350571370921873	1.0139207620067607	0.33362247417739016	3.6174729536175003	4.511006909034827	2.12146996061905	0.8917584715372162	0.037724084924110994	0.209328430614524	0.6127941245892277	0.5304547072899907	3.1828542821174737	2.1888447761178025	0.45681714926087114	3.315173695118535	4.843978325025079	3.4222050598557368	0.7930468500532096	4.116281733950107	0.15645041219908642	0.3839856704350305	1.0413449814379256	0.3403153954082458	2.5265377042942823	0.0	3.949595871025663	0.0	0.0	0.0	0.5127807692110767	0.0	0.0	0.0	0.0	0.0	0.0	2.12146996061905	0.0	0.0	0.0	0.6127941245892277	0.5304547072899907	0.0	0.0	0.0	0.0	4.843978325025079	0.0	0.7930468500532096	0.0	0.0	0.0	0.0	6.4393953956251515	0.47639174504359055	0.0011354135799061596	0.6391113413465628	0.001105447848021462	6.53661689462841E-7	0.7185163315710166	44.54342619421819	-775.7208517240965
340000	-9506.138243483389	-8675.964053489766	-830.1741899936228	-8521.740431343153	32.9670120893137	482.5912742956724	1	0	1	0	0	0	0	0	0	0	0	0	0	1	0	0	0	1	1	0	0	0	0	1	0	1	0	0	0	0	0.6961245684976397	3.22151250939939	2.473747478347284	1.7252620037417143	2.8711098382830227	0.40453502872389746	0.7727802036005168	0.8898893296665149	0.10647565500720473	0.3290968699458058	0.02319060342865974	0.47107882229969655	0.22252462801831124	1.2619036563643957	0.3932627206136248	1.2539474704753037	1.0202366788503283	0.3483599028417023	0.5197290635033389	0.48779111837821154	0.43995302404081943	1.936667270509111	0.6857881563444087	1.640910920125738	2.404889775291338	0.672454880485413	1.6940152087858031	0.1006637232837035	1.5537709971633742	2.665990799880564	0.2847248746600399	0.6961245684976397	0.0	2.473747478347284	0.0	0.0	0.0	0.0	0.0	0.0	0.0	0.0	0.0	0.0	1.2619036563643957	0.0	0.0	0.0	0.3483599028417023	0.5197290635033389	0.0	0.0	0.0	0.0	1.640910920125738	0.0	0.672454880485413	0.0	0.0	0.0	0.0	6.4393953956251515	0.47639174504359055	0.0011209193721842745	0.5395708192670002	0.0011211742961450477	3.728639829479738E-7	0.5540774161749846	39.954534206320766	-766.8078003901375
350000	-9510.337945172596	-8683.157826788934	-827.1801183836619	-8530.276633794658	37.20489904311083	506.57281650426	1	0	1	0	1	0	0	0	0	0	0	0	0	1	0	0	0	1	1	0	0	0	0	1	0	1	0	0	0	0	0.9074603239916181	0.35975851716012786	2.4436926592232378	0.507244510231604	1.314535015781217	1.3816483998925047	0.8409963627031237	1.1862781061240149	0.16546611622658836	2.026015386081695	2.3414104970883365	0.3200664619437393	0.5462371424231837	0.5776547995980701	0.37736391257208424	0.23681546466692255	0.37059314614586963	0.23203685628507126	0.9978948736137309	1.0930240188784592	0.42515112965836827	1.0061198169924637	1.3628933337617626	1.7945071376079713	0.10839580957858024	1.8998568767571087	0.3951820081422651	1.6025219122805807	0.8273095815990433	1.0496618164677929	0.36856658937077635	0.9074603239916181	0.0	2.4436926592232378	0.0	1.314535015781217	0.0	0.0	0.0	0.0	0.0	0.0	0.0	0.0	0.5776547995980701	0.0	0.0	0.0	0.23203685628507126	0.9978948736137309	0.0	0.0	0.0	0.0	1.7945071376079713	0.0	1.8998568767571087	0.0	0.0	0.0	0.0	7.102775676021432	0.47639174504359055	0.0012532553528766604	0.6282412893177244	0.0011920283394133333	5.680498178260459E-7	0.6261564105471195	41.63691538003315	-766.6226597931544
360000	-9557.32630846289	-8710.55616093761	-846.7701475252809	-8554.548351227817	38.407737163133376	513.8265147335071	0	0	0	1	1	1	0	0	0	0	0	0	0	0	0	0	0	0	1	0	0	0	1	1	0	0	1	0	0	0	1.0472915362474666	0.5864477378033922	0.47238452310299056	1.7920764888747132	2.812867014963585	0.4856014917126589	0.22394223016291226	0.9933267503709159	0.15165180672991121	1.920342718496633	6.7747718681718085	1.7565073715794493	1.070991411451676	0.8536402144483977	0.2397279482186394	0.15847381391802873	0.24531804230564574	0.609207785852648	0.8557414027966727	0.632773047669153	0.6512984468040641	1.0526854074780745	0.28332741722933563	2.1198535497339637	2.9033413075988395	0.05005973439176952	0.85468090377606	0.8469116374918921	2.002658489829145	2.129660515505941	0.9414493781767678	0.0	0.0	0.0	1.7920764888747132	2.812867014963585	0.4856014917126589	0.0	0.0	0.0	0.0	0.0	0.0	0.0	0.0	0.0	0.0	0.0	0.0	0.8557414027966727	0.0	0.0	0.0	0.28332741722933563	2.1198535497339637	0.0	0.0	0.85468090377606	0.0	0.0	0.0	7.102775676021432	0.47639174504359055	0.0010675413460311499	0.5841626480978097	0.0010366344011846428	3.58552056905204E-7	0.566805768833346	44.410354041455754	-778.3088649434881
370000	-9526.19553787784	-8697.987858298562	-828.2076795792786	-8543.939409428769	35.128945667604995	476.44891914875063	1	0	1	0	0	0	0	0	0	0	0	0	0	0	0	0	0	0	1	0	0	0	1	1	0	1	0	0	0	0	0.9767792384733736	0.17002188636958665	0.9359620814672802	0.6854726303759305	1.4489386231188879	0.3633038783949398	0.8659870334522014	0.4905887524655997	1.1732440853106108	0.2980147332553136	1.7403353832524129	1.1234179396080461	2.219797242781095	0.3960944566987784	0.06383976792795783	4.140051091128427	0.9404491086113151	0.4137511594868234	0.6682491233066649	1.2631995185707812	0.8166354451259323	1.4265863043272287	0.6189971726262847	1.4864032158779523	1.9626950717207416	0.48299148420419324	3.7871035453470214	0.3880505294675699	2.341501738016848	0.422034539007622	0.3002284470796042	0.9767792384733736	0.0	0.9359620814672802	0.0	0.0	0.0	0.0	0.0	0.0	0.0	0.0	0.0	0.0	0.0	0.0	0.0	0.0	0.0	0.6682491233066649	0.0	0.0	0.0	0.6189971726262847	1.4864032158779523	0.0	0.48299148420419324	0.0	0.0	0.0	0.0	7.102775676021432	0.47639174504359055	0.0013067459982261211	0.702954998923323	0.0012218183109017902	8.143476858243166E-7	0.701803960602332	42.03949183989922	-764.873806621918
380000	-9512.177166820686	-8688.583190982505	-823.5939758381802	-8534.34020243701	36.05923937349955	484.0733605956259	1	0	1	0	0	0	0	0	1	0	0	0	0	0	0	0	0	0	1	0	0	0	1	1	0	1	0	0	0	0	1.3185741599419427	0.1918946338826286	2.3513641388957267	2.620937698024121	0.7518602433503948	0.01641451288745702	0.6318750686499526	1.997610988262042	0.05270736840687444	0.42474805053740217	0.09284857497377617	0.21577304586608512	0.5060307419586846	2.138049933541815	2.0466265290727788	0.26093008708338233	0.3455565857720354	0.21909031505290422	0.6448827092228806	0.5648107968991352	1.668391099007028	0.8604029125133802	0.13811447643070499	1.6974889735769725	2.3951377187159433	0.27090579937022796	0.46977419910403295	0.05208287907189651	1.9304003787610253	1.3668548181574154	1.138994459994576	1.3185741599419427	0.0	2.3513641388957267	0.0	0.0	0.0	0.0	0.0	0.05270736840687444	0.0	0.0	0.0	0.0	0.0	0.0	0.0	0.0	0.0	0.6448827092228806	0.0	0.0	0.0	0.13811447643070499	1.6974889735769725	0.0	0.27090579937022796	0.0	0.0	0.0	0.0	5.907286757042464	0.6030782534394747	0.0013325567341561189	0.6613820720513136	0.0012681853170646703	7.098960057050687E-7	0.6538823205346237	47.32214168156581	-763.9902731375162
